sto-3g_fe3d+brs3p: (22e,16o)  32 qubits | exact CASCI = -5013.72724223 Ha

backend: ibm_fez  (156 qubits)
transpiled for hardware: depth 2752, 4742 two-qubit gates
submitting 100,000 shots ...
  dynamical decoupling ON (XpXm)
  gate + measurement twirling ON
job id dameqg8pqrnc7397es80 - waiting

wall 98s   reported usage: {'quantum_seconds': 55.643983221}
raw samples saved to /Users/sohamb172/Desktop/Final Scoring Function/SQD_BioHackathon/results/hardware_samples_sto-3g_fe3d+brs3p_mitigated.json - post-processing can be replayed for free

RAW HARDWARE SAMPLES
  shots                      100,000
  correct electron count     1.52%
  correct count AND spin     0.47%
  unique bitstrings          100,000

AFTER CLASSICAL POST-PROCESSING
  energy                     -5013.07744618 Ha
  error vs exact             +649.7961 mHa
  subspace                   389,376 (2.0% of the space)
  <S^2>                      0.0859

wrote results/stage7_hardware_sto-3g_fe3d+brs3p_mitigated.json
